====== RESTORE ====== 
Build started 26-04-2026 12:56:33.
     1>Project "D:\Claude\Society-App\society-app-spec\Digital_Societies\services\DigitalSocieties.sln" on node 1 (Restore target(s)).
     1>ValidateSolutionConfiguration:
         Building solution configuration "Debug|Any CPU".
       _GetAllRestoreProjectPathItems:
         Determining projects to restore...
       Restore:
         X.509 certificate chain validation will use the default trust store selected by .NET for code signing.
         X.509 certificate chain validation will use the default trust store selected by .NET for timestamping.
         Assets file has not changed. Skipping assets file writing. Path: D:\Claude\Society-App\society-app-spec\Digital_Societies\services\DigitalSocieties.Calling\obj\project.assets.json
         Assets file has not changed. Skipping assets file writing. Path: D:\Claude\Society-App\society-app-spec\Digital_Societies\services\DigitalSocieties.Marketplace\obj\project.assets.json
         Assets file has not changed. Skipping assets file writing. Path: D:\Claude\Society-App\society-app-spec\Digital_Societies\services\DigitalSocieties.Accounting\obj\project.assets.json
         Restored D:\Claude\Society-App\society-app-spec\Digital_Societies\services\DigitalSocieties.Accounting\DigitalSocieties.Accounting.csproj (in 234 ms).
         Restored D:\Claude\Society-App\society-app-spec\Digital_Societies\services\DigitalSocieties.Marketplace\DigitalSocieties.Marketplace.csproj (in 253 ms).
         Assets file has not changed. Skipping assets file writing. Path: D:\Claude\Society-App\society-app-spec\Digital_Societies\services\DigitalSocieties.Billing\obj\project.assets.json
         Restored D:\Claude\Society-App\society-app-spec\Digital_Societies\services\DigitalSocieties.Billing\DigitalSocieties.Billing.csproj (in 235 ms).
         Restored D:\Claude\Society-App\society-app-spec\Digital_Societies\services\DigitalSocieties.Calling\DigitalSocieties.Calling.csproj (in 251 ms).
         Assets file has not changed. Skipping assets file writing. Path: D:\Claude\Society-App\society-app-spec\Digital_Societies\services\DigitalSocieties.Shared\obj\project.assets.json
         Restored D:\Claude\Society-App\society-app-spec\Digital_Societies\services\DigitalSocieties.Shared\DigitalSocieties.Shared.csproj (in 1 ms).
         Assets file has not changed. Skipping assets file writing. Path: D:\Claude\Society-App\society-app-spec\Digital_Societies\services\DigitalSocieties.Parking\obj\project.assets.json
         Restored D:\Claude\Society-App\society-app-spec\Digital_Societies\services\DigitalSocieties.Parking\DigitalSocieties.Parking.csproj (in 3 ms).
         Assets file has not changed. Skipping assets file writing. Path: D:\Claude\Society-App\society-app-spec\Digital_Societies\services\DigitalSocieties.Mcp\obj\project.assets.json
         Restored D:\Claude\Society-App\society-app-spec\Digital_Societies\services\DigitalSocieties.Mcp\DigitalSocieties.Mcp.csproj (in 8 ms).
         Restoring packages for D:\Claude\Society-App\society-app-spec\Digital_Societies\services\DigitalSocieties.Api\DigitalSocieties.Api.csproj...
         Assets file has not changed. Skipping assets file writing. Path: D:\Claude\Society-App\society-app-spec\Digital_Societies\services\DigitalSocieties.Identity\obj\project.assets.json
         Restored D:\Claude\Society-App\society-app-spec\Digital_Societies\services\DigitalSocieties.Identity\DigitalSocieties.Identity.csproj (in 8 ms).
         Assets file has not changed. Skipping assets file writing. Path: D:\Claude\Society-App\society-app-spec\Digital_Societies\services\DigitalSocieties.Facility\obj\project.assets.json
         Restored D:\Claude\Society-App\society-app-spec\Digital_Societies\services\DigitalSocieties.Facility\DigitalSocieties.Facility.csproj (in 4 ms).
         Assets file has not changed. Skipping assets file writing. Path: D:\Claude\Society-App\society-app-spec\Digital_Societies\services\DigitalSocieties.Complaint\obj\project.assets.json
         Restored D:\Claude\Society-App\society-app-spec\Digital_Societies\services\DigitalSocieties.Complaint\DigitalSocieties.Complaint.csproj (in 3 ms).
         Assets file has not changed. Skipping assets file writing. Path: D:\Claude\Society-App\society-app-spec\Digital_Societies\services\DigitalSocieties.Communication\obj\project.assets.json
         Restored D:\Claude\Society-App\society-app-spec\Digital_Societies\services\DigitalSocieties.Communication\DigitalSocieties.Communication.csproj (in 10 ms).
         Restoring packages for D:\Claude\Society-App\society-app-spec\Digital_Societies\services\DigitalSocieties.Wallet\DigitalSocieties.Wallet.csproj...
         Assets file has not changed. Skipping assets file writing. Path: D:\Claude\Society-App\society-app-spec\Digital_Societies\tests\DigitalSocieties.Identity.Tests\obj\project.assets.json
         Restored D:\Claude\Society-App\society-app-spec\Digital_Societies\tests\DigitalSocieties.Identity.Tests\DigitalSocieties.Identity.Tests.csproj (in 16 ms).
         Assets file has not changed. Skipping assets file writing. Path: D:\Claude\Society-App\society-app-spec\Digital_Societies\services\DigitalSocieties.Visitor\obj\project.assets.json
         Restored D:\Claude\Society-App\society-app-spec\Digital_Societies\services\DigitalSocieties.Visitor\DigitalSocieties.Visitor.csproj (in 14 ms).
         Assets file has not changed. Skipping assets file writing. Path: D:\Claude\Society-App\society-app-spec\Digital_Societies\services\DigitalSocieties.Social\obj\project.assets.json
         Restored D:\Claude\Society-App\society-app-spec\Digital_Societies\services\DigitalSocieties.Social\DigitalSocieties.Social.csproj (in 3 ms).
           CACHE https://api.nuget.org/v3/vulnerabilities/index.json
           CACHE https://api.nuget.org/v3-vulnerabilities/2026.04.25.02.56.19/vulnerability.base.json
           CACHE https://api.nuget.org/v3-vulnerabilities/2026.04.25.02.56.19/2026.04.26.02.56.22/vulnerability.update.json
         Generating MSBuild file D:\Claude\Society-App\society-app-spec\Digital_Societies\services\DigitalSocieties.Wallet\obj\DigitalSocieties.Wallet.csproj.nuget.g.targets.
         Writing assets file to disk. Path: D:\Claude\Society-App\society-app-spec\Digital_Societies\services\DigitalSocieties.Wallet\obj\project.assets.json
         Writing assets file to disk. Path: D:\Claude\Society-App\society-app-spec\Digital_Societies\services\DigitalSocieties.Api\obj\project.assets.json
         Restored D:\Claude\Society-App\society-app-spec\Digital_Societies\services\DigitalSocieties.Wallet\DigitalSocieties.Wallet.csproj (in 1.48 sec).
         Restored D:\Claude\Society-App\society-app-spec\Digital_Societies\services\DigitalSocieties.Api\DigitalSocieties.Api.csproj (in 1.63 sec).
         
         NuGet Config files used:
             C:\Users\Deepak\AppData\Roaming\NuGet\NuGet.Config
         
         Feeds used:
             https://api.nuget.org/v3/index.json
         14 of 16 projects are up-to-date for restore.
     1>Done Building Project "D:\Claude\Society-App\society-app-spec\Digital_Societies\services\DigitalSocieties.sln" (Restore target(s)).

Build succeeded.
    0 Warning(s)
    0 Error(s)

Time Elapsed 00:00:09.73
RESTORE_EXIT=0 
====== BUILD ====== 
Build started 26-04-2026 12:56:43.
     1>Project "D:\Claude\Society-App\society-app-spec\Digital_Societies\services\DigitalSocieties.sln" on node 1 (default targets).
     1>ValidateSolutionConfiguration:
         Building solution configuration "Release|Any CPU".
     1>D:\Claude\Society-App\society-app-spec\Digital_Societies\services\DigitalSocieties.sln.metaproj : warning MSB4121: The project configuration for project "DigitalSocieties.Shared" was not specified in the solution file for the solution configuration "Release|Any CPU". [D:\Claude\Society-App\society-app-spec\Digital_Societies\services\DigitalSocieties.sln]
     1>D:\Claude\Society-App\society-app-spec\Digital_Societies\services\DigitalSocieties.sln.metaproj : warning MSB4121: The project configuration for project "DigitalSocieties.Identity" was not specified in the solution file for the solution configuration "Release|Any CPU". [D:\Claude\Society-App\society-app-spec\Digital_Societies\services\DigitalSocieties.sln]
     1>D:\Claude\Society-App\society-app-spec\Digital_Societies\services\DigitalSocieties.sln.metaproj : warning MSB4121: The project configuration for project "DigitalSocieties.Billing" was not specified in the solution file for the solution configuration "Release|Any CPU". [D:\Claude\Society-App\society-app-spec\Digital_Societies\services\DigitalSocieties.sln]
     1>D:\Claude\Society-App\society-app-spec\Digital_Societies\services\DigitalSocieties.sln.metaproj : warning MSB4121: The project configuration for project "DigitalSocieties.Visitor" was not specified in the solution file for the solution configuration "Release|Any CPU". [D:\Claude\Society-App\society-app-spec\Digital_Societies\services\DigitalSocieties.sln]
     1>D:\Claude\Society-App\society-app-spec\Digital_Societies\services\DigitalSocieties.sln.metaproj : warning MSB4121: The project configuration for project "DigitalSocieties.Complaint" was not specified in the solution file for the solution configuration "Release|Any CPU". [D:\Claude\Society-App\society-app-spec\Digital_Societies\services\DigitalSocieties.sln]
     1>D:\Claude\Society-App\society-app-spec\Digital_Societies\services\DigitalSocieties.sln.metaproj : warning MSB4121: The project configuration for project "DigitalSocieties.Communication" was not specified in the solution file for the solution configuration "Release|Any CPU". [D:\Claude\Society-App\society-app-spec\Digital_Societies\services\DigitalSocieties.sln]
     1>D:\Claude\Society-App\society-app-spec\Digital_Societies\services\DigitalSocieties.sln.metaproj : warning MSB4121: The project configuration for project "DigitalSocieties.Social" was not specified in the solution file for the solution configuration "Release|Any CPU". [D:\Claude\Society-App\society-app-spec\Digital_Societies\services\DigitalSocieties.sln]
     1>D:\Claude\Society-App\society-app-spec\Digital_Societies\services\DigitalSocieties.sln.metaproj : warning MSB4121: The project configuration for project "DigitalSocieties.Accounting" was not specified in the solution file for the solution configuration "Release|Any CPU". [D:\Claude\Society-App\society-app-spec\Digital_Societies\services\DigitalSocieties.sln]
     1>D:\Claude\Society-App\society-app-spec\Digital_Societies\services\DigitalSocieties.sln.metaproj : warning MSB4121: The project configuration for project "DigitalSocieties.Facility" was not specified in the solution file for the solution configuration "Release|Any CPU". [D:\Claude\Society-App\society-app-spec\Digital_Societies\services\DigitalSocieties.sln]
     1>D:\Claude\Society-App\society-app-spec\Digital_Societies\services\DigitalSocieties.sln.metaproj : warning MSB4121: The project configuration for project "DigitalSocieties.Api" was not specified in the solution file for the solution configuration "Release|Any CPU". [D:\Claude\Society-App\society-app-spec\Digital_Societies\services\DigitalSocieties.sln]
     1>D:\Claude\Society-App\society-app-spec\Digital_Societies\services\DigitalSocieties.sln.metaproj : warning MSB4121: The project configuration for project "DigitalSocieties.Identity.Tests" was not specified in the solution file for the solution configuration "Release|Any CPU". [D:\Claude\Society-App\society-app-spec\Digital_Societies\services\DigitalSocieties.sln]
     1>Project "D:\Claude\Society-App\society-app-spec\Digital_Societies\services\DigitalSocieties.sln" (1) is building "D:\Claude\Society-App\society-app-spec\Digital_Societies\services\DigitalSocieties.Marketplace\DigitalSocieties.Marketplace.csproj" (4) on node 3 (default targets).
     4>Project "D:\Claude\Society-App\society-app-spec\Digital_Societies\services\DigitalSocieties.Marketplace\DigitalSocieties.Marketplace.csproj" (4) is building "D:\Claude\Society-App\society-app-spec\Digital_Societies\services\DigitalSocieties.Shared\DigitalSocieties.Shared.csproj" (6:4) on node 3 (default targets).
     6>GenerateTargetFrameworkMonikerAttribute:
       Skipping target "GenerateTargetFrameworkMonikerAttribute" because all output files are up-to-date with respect to the input files.
       CoreGenerateAssemblyInfo:
       Skipping target "CoreGenerateAssemblyInfo" because all output files are up-to-date with respect to the input files.
       _GenerateSourceLinkFile:
         Source Link file 'obj\Debug\net8.0\DigitalSocieties.Shared.sourcelink.json' is up-to-date.
       CoreCompile:
       Skipping target "CoreCompile" because all output files are up-to-date with respect to the input files.
       GenerateBuildDependencyFile:
       Skipping target "GenerateBuildDependencyFile" because all output files are up-to-date with respect to the input files.
       CopyFilesToOutputDirectory:
         DigitalSocieties.Shared -> D:\Claude\Society-App\society-app-spec\Digital_Societies\services\DigitalSocieties.Shared\bin\Debug\net8.0\DigitalSocieties.Shared.dll
     6>Done Building Project "D:\Claude\Society-App\society-app-spec\Digital_Societies\services\DigitalSocieties.Shared\DigitalSocieties.Shared.csproj" (default targets).
     1>Project "D:\Claude\Society-App\society-app-spec\Digital_Societies\services\DigitalSocieties.sln" (1) is building "D:\Claude\Society-App\society-app-spec\Digital_Societies\services\DigitalSocieties.Wallet\DigitalSocieties.Wallet.csproj" (5) on node 4 (default targets).
     5>GenerateTargetFrameworkMonikerAttribute:
       Skipping target "GenerateTargetFrameworkMonikerAttribute" because all output files are up-to-date with respect to the input files.
     4>GenerateTargetFrameworkMonikerAttribute:
       Skipping target "GenerateTargetFrameworkMonikerAttribute" because all output files are up-to-date with respect to the input files.
     5>CoreGenerateAssemblyInfo:
       Skipping target "CoreGenerateAssemblyInfo" because all output files are up-to-date with respect to the input files.
     4>CoreGenerateAssemblyInfo:
       Skipping target "CoreGenerateAssemblyInfo" because all output files are up-to-date with respect to the input files.
     1>Project "D:\Claude\Society-App\society-app-spec\Digital_Societies\services\DigitalSocieties.sln" (1) is building "D:\Claude\Society-App\society-app-spec\Digital_Societies\services\DigitalSocieties.Mcp\DigitalSocieties.Mcp.csproj" (2) on node 2 (default targets).
     2>Project "D:\Claude\Society-App\society-app-spec\Digital_Societies\services\DigitalSocieties.Mcp\DigitalSocieties.Mcp.csproj" (2) is building "D:\Claude\Society-App\society-app-spec\Digital_Societies\services\DigitalSocieties.Complaint\DigitalSocieties.Complaint.csproj" (8:2) on node 2 (default targets).
     8>GenerateTargetFrameworkMonikerAttribute:
       Skipping target "GenerateTargetFrameworkMonikerAttribute" because all output files are up-to-date with respect to the input files.
       CoreGenerateAssemblyInfo:
       Skipping target "CoreGenerateAssemblyInfo" because all output files are up-to-date with respect to the input files.
     5>_GenerateSourceLinkFile:
         Source Link file 'obj\Release\net8.0\DigitalSocieties.Wallet.sourcelink.json' is up-to-date.
     4>_GenerateSourceLinkFile:
         Source Link file 'obj\Release\net8.0\DigitalSocieties.Marketplace.sourcelink.json' is up-to-date.
     5>CoreCompile:
         C:\Program Files\dotnet\dotnet.exe exec "C:\Program Files\dotnet\sdk\8.0.420\Roslyn\bincore\csc.dll" /noconfig /unsafe- /checked- /nowarn:1701,1702,NU1701,1701,1702 /fullpaths /nostdlib+ /errorreport:prompt /warn:8 /define:TRACE;RELEASE;NET;NET8_0;NETCOREAPP;NET5_0_OR_GREATER;NET6_0_OR_GREATER;NET7_0_OR_GREATER;NET8_0_OR_GREATER;NETCOREAPP1_0_OR_GREATER;NETCOREAPP1_1_OR_GREATER;NETCOREAPP2_0_OR_GREATER;NETCOREAPP2_1_OR_GREATER;NETCOREAPP2_2_OR_GREATER;NETCOREAPP3_0_OR_GREATER;NETCOREAPP3_1_OR_GREATER /highentropyva+ /nullable:enable /reference:D:\Claude\Society-App\society-app-spec\Digital_Societies\services\DigitalSocieties.Shared\obj\Debug\net8.0\ref\DigitalSocieties.Shared.dll /reference:C:\Users\Deepak\.nuget\packages\fluentvalidation\11.9.0\lib\net8.0\FluentValidation.dll /reference:C:\Users\Deepak\.nuget\packages\mediatr.contracts\2.0.1\lib\netstandard2.0\MediatR.Contracts.dll /reference:C:\Users\Deepak\.nuget\packages\mediatr\12.2.0\lib\net6.0\MediatR.dll /reference:"C:\Program Files\dotnet\packs\Microsoft.NETCore.App.Ref\8.0.26\ref\net8.0\Microsoft.CSharp.dll" /reference:C:\Users\Deepak\.nuget\packages\microsoft.entityframeworkcore.abstractions\8.0.4\lib\net8.0\Microsoft.EntityFrameworkCore.Abstractions.dll /reference:C:\Users\Deepak\.nuget\packages\microsoft.entityframeworkcore\8.0.4\lib\net8.0\Microsoft.EntityFrameworkCore.dll /reference:C:\Users\Deepak\.nuget\packages\microsoft.entityframeworkcore.relational\8.0.4\lib\net8.0\Microsoft.EntityFrameworkCore.Relational.dll /reference:C:\Users\Deepak\.nuget\packages\microsoft.extensions.caching.abstractions\8.0.0\lib\net8.0\Microsoft.Extensions.Caching.Abstractions.dll /reference:C:\Users\Deepak\.nuget\packages\microsoft.extensions.caching.memory\8.0.0\lib\net8.0\Microsoft.Extensions.Caching.Memory.dll /reference:C:\Users\Deepak\.nuget\packages\microsoft.extensions.configuration.abstractions\8.0.0\lib\net8.0\Microsoft.Extensions.Configuration.Abstractions.dll /reference:C:\Users\Deepak\.nuget\packages\microsoft.extensions.configuration.binder\8.0.0\lib\net8.0\Microsoft.Extensions.Configuration.Binder.dll /reference:C:\Users\Deepak\.nuget\packages\microsoft.extensions.dependencyinjection.abstractions\8.0.0\lib\net8.0\Microsoft.Extensions.DependencyInjection.Abstractions.dll /reference:C:\Users\Deepak\.nuget\packages\microsoft.extensions.dependencyinjection\8.0.0\lib\net8.0\Microsoft.Extensions.DependencyInjection.dll /reference:C:\Users\Deepak\.nuget\packages\microsoft.extensions.logging.abstractions\8.0.0\lib\net8.0\Microsoft.Extensions.Logging.Abstractions.dll /reference:C:\Users\Deepak\.nuget\packages\microsoft.extensions.logging\8.0.0\lib\net8.0\Microsoft.Extensions.Logging.dll /reference:C:\Users\Deepak\.nuget\packages\microsoft.extensions.options.configurationextensions\8.0.0\lib\net8.0\Microsoft.Extensions.Options.ConfigurationExtensions.dll /reference:C:\Users\Deepak\.nuget\packages\microsoft.extensions.options\8.0.0\lib\net8.0\Microsoft.Extensions.Options.dll /reference:C:\Users\Deepak\.nuget\packages\microsoft.extensions.primitives\8.0.0\lib\net8.0\Microsoft.Extensions.Primitives.dll /reference:"C:\Program Files\dotnet\packs\Microsoft.NETCore.App.Ref\8.0.26\ref\net8.0\Microsoft.VisualBasic.Core.dll" /reference:"C:\Program Files\dotnet\packs\Microsoft.NETCore.App.Ref\8.0.26\ref\net8.0\Microsoft.VisualBasic.dll" /reference:"C:\Program Files\dotnet\packs\Microsoft.NETCore.App.Ref\8.0.26\ref\net8.0\Microsoft.Win32.Primitives.dll" /reference:"C:\Program Files\dotnet\packs\Microsoft.NETCore.App.Ref\8.0.26\ref\net8.0\Microsoft.Win32.Registry.dll" /reference:"C:\Program Files\dotnet\packs\Microsoft.NETCore.App.Ref\8.0.26\ref\net8.0\mscorlib.dll" /reference:"C:\Program Files\dotnet\packs\Microsoft.NETCore.App.Ref\8.0.26\ref\net8.0\netstandard.dll" /reference:C:\Users\Deepak\.nuget\packages\newtonsoft.json\7.0.1\lib\net45\Newtonsoft.Json.dll /reference:C:\Users\Deepak\.nuget\packages\npgsql\8.0.3\lib\net8.0\Npgsql.dll /reference:C:\Users\Deepak\.nuget\packages\npgsql.entityframeworkcore.postgresql\8.0.4\lib\net8.0\Npgsql.EntityFrameworkCore.PostgreSQL.dll /reference:C:\Users\Deepak\.nuget\packages\razorpay\2.0.0\lib\net45\Razorpay.dll /reference:"C:\Program Files\dotnet\packs\Microsoft.NETCore.App.Ref\8.0.26\ref\net8.0\System.AppContext.dll" /reference:"C:\Program Files\dotnet\packs\Microsoft.NETCore.App.Ref\8.0.26\ref\net8.0\System.Buffers.dll" /reference:"C:\Program Files\dotnet\packs\Microsoft.NETCore.App.Ref\8.0.26\ref\net8.0\System.Collections.Concurrent.dll" /reference:"C:\Program Files\dotnet\packs\Microsoft.NETCore.App.Ref\8.0.26\ref\net8.0\System.Collections.dll" /reference:"C:\Program Files\dotnet\packs\Microsoft.NETCore.App.Ref\8.0.26\ref\net8.0\System.Collections.Immutable.dll" /reference:"C:\Program Files\dotnet\packs\Microsoft.NETCore.App.Ref\8.0.26\ref\net8.0\System.Collections.NonGeneric.dll" /reference:"C:\Program Files\dotnet\packs\Microsoft.NETCore.App.Ref\8.0.26\ref\net8.0\System.Collections.Specialized.dll" /reference:"C:\Program Files\dotnet\packs\Microsoft.NETCore.App.Ref\8.0.26\ref\net8.0\System.ComponentModel.Annotations.dll" /reference:"C:\Program Files\dotnet\packs\Microsoft.NETCore.App.Ref\8.0.26\ref\net8.0\System.ComponentModel.DataAnnotations.dll" /reference:"C:\Program Files\dotnet\packs\Microsoft.NETCore.App.Ref\8.0.26\ref\net8.0\System.ComponentModel.dll" /reference:"C:\Program Files\dotnet\packs\Microsoft.NETCore.App.Ref\8.0.26\ref\net8.0\System.ComponentModel.EventBasedAsync.dll" /reference:"C:\Program Files\dotnet\packs\Microsoft.NETCore.App.Ref\8.0.26\ref\net8.0\System.ComponentModel.Primitives.dll" /reference:"C:\Program Files\dotnet\packs\Microsoft.NETCore.App.Ref\8.0.26\ref\net8.0\System.ComponentModel.TypeConverter.dll" /reference:"C:\Program Files\dotnet\packs\Microsoft.NETCore.App.Ref\8.0.26\ref\net8.0\System.Configuration.dll" /reference:"C:\Program Files\dotnet\packs\Microsoft.NETCore.App.Ref\8.0.26\ref\net8.0\System.Console.dll" /reference:"C:\Program Files\dotnet\packs\Microsoft.NETCore.App.Ref\8.0.26\ref\net8.0\System.Core.dll" /reference:"C:\Program Files\dotnet\packs\Microsoft.NETCore.App.Ref\8.0.26\ref\net8.0\System.Data.Common.dll" /reference:"C:\Program Files\dotnet\packs\Microsoft.NETCore.App.Ref\8.0.26\ref\net8.0\System.Data.DataSetExtensions.dll" /reference:"C:\Program Files\dotnet\packs\Microsoft.NETCore.App.Ref\8.0.26\ref\net8.0\System.Data.dll" /reference:"C:\Program Files\dotnet\packs\Microsoft.NETCore.App.Ref\8.0.26\ref\net8.0\System.Diagnostics.Contracts.dll" /reference:"C:\Program Files\dotnet\packs\Microsoft.NETCore.App.Ref\8.0.26\ref\net8.0\System.Diagnostics.Debug.dll" /reference:"C:\Program Files\dotnet\packs\Microsoft.NETCore.App.Ref\8.0.26\ref\net8.0\System.Diagnostics.DiagnosticSource.dll" /reference:"C:\Program Files\dotnet\packs\Microsoft.NETCore.App.Ref\8.0.26\ref\net8.0\System.Diagnostics.FileVersionInfo.dll" /reference:"C:\Program Files\dotnet\packs\Microsoft.NETCore.App.Ref\8.0.26\ref\net8.0\System.Diagnostics.Process.dll" /reference:"C:\Program Files\dotnet\packs\Microsoft.NETCore.App.Ref\8.0.26\ref\net8.0\System.Diagnostics.StackTrace.dll" /reference:"C:\Program Files\dotnet\packs\Microsoft.NETCore.App.Ref\8.0.26\ref\net8.0\System.Diagnostics.TextWriterTraceListener.dll" /reference:"C:\Program Files\dotnet\packs\Microsoft.NETCore.App.Ref\8.0.26\ref\net8.0\System.Diagnostics.Tools.dll" /reference:"C:\Program Files\dotnet\packs\Microsoft.NETCore.App.Ref\8.0.26\ref\net8.0\System.Diagnostics.TraceSource.dll" /reference:"C:\Program Files\dotnet\packs\Microsoft.NETCore.App.Ref\8.0.26\ref\net8.0\System.Diagnostics.Tracing.dll" /reference:"C:\Program Files\dotnet\packs\Microsoft.NETCore.App.Ref\8.0.26\ref\net8.0\System.dll" /reference:"C:\Program Files\dotnet\packs\Microsoft.NETCore.App.Ref\8.0.26\ref\net8.0\System.Drawing.dll" /reference:"C:\Program Files\dotnet\packs\Microsoft.NETCore.App.Ref\8.0.26\ref\net8.0\System.Drawing.Primitives.dll" /reference:"C:\Program Files\dotnet\packs\Microsoft.NETCore.App.Ref\8.0.26\ref\net8.0\System.Dynamic.Runtime.dll" /reference:"C:\Program Files\dotnet\packs\Microsoft.NETCore.App.Ref\8.0.26\ref\net8.0\System.Formats.Asn1.dll" /reference:"C:\Program Files\dotnet\packs\Microsoft.NETCore.App.Ref\8.0.26\ref\net8.0\System.Formats.Tar.dll" /reference:"C:\Program Files\dotnet\packs\Microsoft.NETCore.App.Ref\8.0.26\ref\net8.0\System.Globalization.Calendars.dll" /reference:"C:\Program Files\dotnet\packs\Microsoft.NETCore.App.Ref\8.0.26\ref\net8.0\System.Globalization.dll" /reference:"C:\Program Files\dotnet\packs\Microsoft.NETCore.App.Ref\8.0.26\ref\net8.0\System.Globalization.Extensions.dll" /reference:"C:\Program Files\dotnet\packs\Microsoft.NETCore.App.Ref\8.0.26\ref\net8.0\System.IO.Compression.Brotli.dll" /reference:"C:\Program Files\dotnet\packs\Microsoft.NETCore.App.Ref\8.0.26\ref\net8.0\System.IO.Compression.dll" /reference:"C:\Program Files\dotnet\packs\Microsoft.NETCore.App.Ref\8.0.26\ref\net8.0\System.IO.Compression.FileSystem.dll" /reference:"C:\Program Files\dotnet\packs\Microsoft.NETCore.App.Ref\8.0.26\ref\net8.0\System.IO.Compression.ZipFile.dll" /reference:"C:\Program Files\dotnet\packs\Microsoft.NETCore.App.Ref\8.0.26\ref\net8.0\System.IO.dll" /reference:"C:\Program Files\dotnet\packs\Microsoft.NETCore.App.Ref\8.0.26\ref\net8.0\System.IO.FileSystem.AccessControl.dll" /reference:"C:\Program Files\dotnet\packs\Microsoft.NETCore.App.Ref\8.0.26\ref\net8.0\System.IO.FileSystem.dll" /reference:"C:\Program Files\dotnet\packs\Microsoft.NETCore.App.Ref\8.0.26\ref\net8.0\System.IO.FileSystem.DriveInfo.dll" /reference:"C:\Program Files\dotnet\packs\Microsoft.NETCore.App.Ref\8.0.26\ref\net8.0\System.IO.FileSystem.Primitives.dll" /reference:"C:\Program Files\dotnet\packs\Microsoft.NETCore.App.Ref\8.0.26\ref\net8.0\System.IO.FileSystem.Watcher.dll" /reference:"C:\Program Files\dotnet\packs\Microsoft.NETCore.App.Ref\8.0.26\ref\net8.0\System.IO.IsolatedStorage.dll" /reference:"C:\Program Files\dotnet\packs\Microsoft.NETCore.App.Ref\8.0.26\ref\net8.0\System.IO.MemoryMappedFiles.dll" /reference:"C:\Program Files\dotnet\packs\Microsoft.NETCore.App.Ref\8.0.26\ref\net8.0\System.IO.Pipes.AccessControl.dll" /reference:"C:\Program Files\dotnet\packs\Microsoft.NETCore.App.Ref\8.0.26\ref\net8.0\System.IO.Pipes.dll" /reference:"C:\Program Files\dotnet\packs\Microsoft.NETCore.App.Ref\8.0.26\ref\net8.0\System.IO.UnmanagedMemoryStream.dll" /reference:"C:\Program Files\dotnet\packs\Microsoft.NETCore.App.Ref\8.0.26\ref\net8.0\System.Linq.dll" /reference:"C:\Program Files\dotnet\packs\Microsoft.NETCore.App.Ref\8.0.26\ref\net8.0\System.Linq.Expressions.dll" /reference:"C:\Program Files\dotnet\packs\Microsoft.NETCore.App.Ref\8.0.26\ref\net8.0\System.Linq.Parallel.dll" /reference:"C:\Program Files\dotnet\packs\Microsoft.NETCore.App.Ref\8.0.26\ref\net8.0\System.Linq.Queryable.dll" /reference:"C:\Program Files\dotnet\packs\Microsoft.NETCore.App.Ref\8.0.26\ref\net8.0\System.Memory.dll" /reference:"C:\Program Files\dotnet\packs\Microsoft.NETCore.App.Ref\8.0.26\ref\net8.0\System.Net.dll" /reference:"C:\Program Files\dotnet\packs\Microsoft.NETCore.App.Ref\8.0.26\ref\net8.0\System.Net.Http.dll" /reference:"C:\Program Files\dotnet\packs\Microsoft.NETCore.App.Ref\8.0.26\ref\net8.0\System.Net.Http.Json.dll" /reference:"C:\Program Files\dotnet\packs\Microsoft.NETCore.App.Ref\8.0.26\ref\net8.0\System.Net.HttpListener.dll" /reference:"C:\Program Files\dotnet\packs\Microsoft.NETCore.App.Ref\8.0.26\ref\net8.0\System.Net.Mail.dll" /reference:"C:\Program Files\dotnet\packs\Microsoft.NETCore.App.Ref\8.0.26\ref\net8.0\System.Net.NameResolution.dll" /reference:"C:\Program Files\dotnet\packs\Microsoft.NETCore.App.Ref\8.0.26\ref\net8.0\System.Net.NetworkInformation.dll" /reference:"C:\Program Files\dotnet\packs\Microsoft.NETCore.App.Ref\8.0.26\ref\net8.0\System.Net.Ping.dll" /reference:"C:\Program Files\dotnet\packs\Microsoft.NETCore.App.Ref\8.0.26\ref\net8.0\System.Net.Primitives.dll" /reference:"C:\Program Files\dotnet\packs\Microsoft.NETCore.App.Ref\8.0.26\ref\net8.0\System.Net.Quic.dll" /reference:"C:\Program Files\dotnet\packs\Microsoft.NETCore.App.Ref\8.0.26\ref\net8.0\System.Net.Requests.dll" /reference:"C:\Program Files\dotnet\packs\Microsoft.NETCore.App.Ref\8.0.26\ref\net8.0\System.Net.Security.dll" /reference:"C:\Program Files\dotnet\packs\Microsoft.NETCore.App.Ref\8.0.26\ref\net8.0\System.Net.ServicePoint.dll" /reference:"C:\Program Files\dotnet\packs\Microsoft.NETCore.App.Ref\8.0.26\ref\net8.0\System.Net.Sockets.dll" /reference:"C:\Program Files\dotnet\packs\Microsoft.NETCore.App.Ref\8.0.26\ref\net8.0\System.Net.WebClient.dll" /reference:"C:\Program Files\dotnet\packs\Microsoft.NETCore.App.Ref\8.0.26\ref\net8.0\System.Net.WebHeaderCollection.dll" /reference:"C:\Program Files\dotnet\packs\Microsoft.NETCore.App.Ref\8.0.26\ref\net8.0\System.Net.WebProxy.dll" /reference:"C:\Program Files\dotnet\packs\Microsoft.NETCore.App.Ref\8.0.26\ref\net8.0\System.Net.WebSockets.Client.dll" /reference:"C:\Program Files\dotnet\packs\Microsoft.NETCore.App.Ref\8.0.26\ref\net8.0\System.Net.WebSockets.dll" /reference:"C:\Program Files\dotnet\packs\Microsoft.NETCore.App.Ref\8.0.26\ref\net8.0\System.Numerics.dll" /reference:"C:\Program Files\dotnet\packs\Microsoft.NETCore.App.Ref\8.0.26\ref\net8.0\System.Numerics.Vectors.dll" /reference:"C:\Program Files\dotnet\packs\Microsoft.NETCore.App.Ref\8.0.26\ref\net8.0\System.ObjectModel.dll" /reference:"C:\Program Files\dotnet\packs\Microsoft.NETCore.App.Ref\8.0.26\ref\net8.0\System.Reflection.DispatchProxy.dll" /reference:"C:\Program Files\dotnet\packs\Microsoft.NETCore.App.Ref\8.0.26\ref\net8.0\System.Reflection.dll" /reference:"C:\Program Files\dotnet\packs\Microsoft.NETCore.App.Ref\8.0.26\ref\net8.0\System.Reflection.Emit.dll" /reference:"C:\Program Files\dotnet\packs\Microsoft.NETCore.App.Ref\8.0.26\ref\net8.0\System.Reflection.Emit.ILGeneration.dll" /reference:"C:\Program Files\dotnet\packs\Microsoft.NETCore.App.Ref\8.0.26\ref\net8.0\System.Reflection.Emit.Lightweight.dll" /reference:"C:\Program Files\dotnet\packs\Microsoft.NETCore.App.Ref\8.0.26\ref\net8.0\System.Reflection.Extensions.dll" /reference:"C:\Program Files\dotnet\packs\Microsoft.NETCore.App.Ref\8.0.26\ref\net8.0\System.Reflection.Metadata.dll" /reference:"C:\Program Files\dotnet\packs\Microsoft.NETCore.App.Ref\8.0.26\ref\net8.0\System.Reflection.Primitives.dll" /reference:"C:\Program Files\dotnet\packs\Microsoft.NETCore.App.Ref\8.0.26\ref\net8.0\System.Reflection.TypeExtensions.dll" /reference:"C:\Program Files\dotnet\packs\Microsoft.NETCore.App.Ref\8.0.26\ref\net8.0\System.Resources.Reader.dll" /reference:"C:\Program Files\dotnet\packs\Microsoft.NETCore.App.Ref\8.0.26\ref\net8.0\System.Resources.ResourceManager.dll" /reference:"C:\Program Files\dotnet\packs\Microsoft.NETCore.App.Ref\8.0.26\ref\net8.0\System.Resources.Writer.dll" /reference:"C:\Program Files\dotnet\packs\Microsoft.NETCore.App.Ref\8.0.26\ref\net8.0\System.Runtime.CompilerServices.Unsafe.dll" /reference:"C:\Program Files\dotnet\packs\Microsoft.NETCore.App.Ref\8.0.26\ref\net8.0\System.Runtime.CompilerServices.VisualC.dll" /reference:"C:\Program Files\dotnet\packs\Microsoft.NETCore.App.Ref\8.0.26\ref\net8.0\System.Runtime.dll" /reference:"C:\Program Files\dotnet\packs\Microsoft.NETCore.App.Ref\8.0.26\ref\net8.0\System.Runtime.Extensions.dll" /reference:"C:\Program Files\dotnet\packs\Microsoft.NETCore.App.Ref\8.0.26\ref\net8.0\System.Runtime.Handles.dll" /reference:"C:\Program Files\dotnet\packs\Microsoft.NETCore.App.Ref\8.0.26\ref\net8.0\System.Runtime.InteropServices.dll" /reference:"C:\Program Files\dotnet\packs\Microsoft.NETCore.App.Ref\8.0.26\ref\net8.0\System.Runtime.InteropServices.JavaScript.dll" /reference:"C:\Program Files\dotnet\packs\Microsoft.NETCore.App.Ref\8.0.26\ref\net8.0\System.Runtime.InteropServices.RuntimeInformation.dll" /reference:"C:\Program Files\dotnet\packs\Microsoft.NETCore.App.Ref\8.0.26\ref\net8.0\System.Runtime.Intrinsics.dll" /reference:"C:\Program Files\dotnet\packs\Microsoft.NETCore.App.Ref\8.0.26\ref\net8.0\System.Runtime.Loader.dll" /reference:"C:\Program Files\dotnet\packs\Microsoft.NETCore.App.Ref\8.0.26\ref\net8.0\System.Runtime.Numerics.dll" /reference:"C:\Program Files\dotnet\packs\Microsoft.NETCore.App.Ref\8.0.26\ref\net8.0\System.Runtime.Serialization.dll" /reference:"C:\Program Files\dotnet\packs\Microsoft.NETCore.App.Ref\8.0.26\ref\net8.0\System.Runtime.Serialization.Formatters.dll" /reference:"C:\Program Files\dotnet\packs\Microsoft.NETCore.App.Ref\8.0.26\ref\net8.0\System.Runtime.Serialization.Json.dll" /reference:"C:\Program Files\dotnet\packs\Microsoft.NETCore.App.Ref\8.0.26\ref\net8.0\System.Runtime.Serialization.Primitives.dll" /reference:"C:\Program Files\dotnet\packs\Microsoft.NETCore.App.Ref\8.0.26\ref\net8.0\System.Runtime.Serialization.Xml.dll" /reference:"C:\Program Files\dotnet\packs\Microsoft.NETCore.App.Ref\8.0.26\ref\net8.0\System.Security.AccessControl.dll" /reference:"C:\Program Files\dotnet\packs\Microsoft.NETCore.App.Ref\8.0.26\ref\net8.0\System.Security.Claims.dll" /reference:"C:\Program Files\dotnet\packs\Microsoft.NETCore.App.Ref\8.0.26\ref\net8.0\System.Security.Cryptography.Algorithms.dll" /reference:"C:\Program Files\dotnet\packs\Microsoft.NETCore.App.Ref\8.0.26\ref\net8.0\System.Security.Cryptography.Cng.dll" /reference:"C:\Program Files\dotnet\packs\Microsoft.NETCore.App.Ref\8.0.26\ref\net8.0\System.Security.Cryptography.Csp.dll" /reference:"C:\Program Files\dotnet\packs\Microsoft.NETCore.App.Ref\8.0.26\ref\net8.0\System.Security.Cryptography.dll" /reference:"C:\Program Files\dotnet\packs\Microsoft.NETCore.App.Ref\8.0.26\ref\net8.0\System.Security.Cryptography.Encoding.dll" /reference:"C:\Program Files\dotnet\packs\Microsoft.NETCore.App.Ref\8.0.26\ref\net8.0\System.Security.Cryptography.OpenSsl.dll" /reference:"C:\Program Files\dotnet\packs\Microsoft.NETCore.App.Ref\8.0.26\ref\net8.0\System.Security.Cryptography.Primitives.dll" /reference:"C:\Program Files\dotnet\packs\Microsoft.NETCore.App.Ref\8.0.26\ref\net8.0\System.Security.Cryptography.X509Certificates.dll" /reference:"C:\Program Files\dotnet\packs\Microsoft.NETCore.App.Ref\8.0.26\ref\net8.0\System.Security.dll" /reference:"C:\Program Files\dotnet\packs\Microsoft.NETCore.App.Ref\8.0.26\ref\net8.0\System.Security.Principal.dll" /reference:"C:\Program Files\dotnet\packs\Microsoft.NETCore.App.Ref\8.0.26\ref\net8.0\System.Security.Principal.Windows.dll" /reference:"C:\Program Files\dotnet\packs\Microsoft.NETCore.App.Ref\8.0.26\ref\net8.0\System.Security.SecureString.dll" /reference:"C:\Program Files\dotnet\packs\Microsoft.NETCore.App.Ref\8.0.26\ref\net8.0\System.ServiceModel.Web.dll" /reference:"C:\Program Files\dotnet\packs\Microsoft.NETCore.App.Ref\8.0.26\ref\net8.0\System.ServiceProcess.dll" /reference:"C:\Program Files\dotnet\packs\Microsoft.NETCore.App.Ref\8.0.26\ref\net8.0\System.Text.Encoding.CodePages.dll" /reference:"C:\Program Files\dotnet\packs\Microsoft.NETCore.App.Ref\8.0.26\ref\net8.0\System.Text.Encoding.dll" /reference:"C:\Program Files\dotnet\packs\Microsoft.NETCore.App.Ref\8.0.26\ref\net8.0\System.Text.Encoding.Extensions.dll" /reference:"C:\Program Files\dotnet\packs\Microsoft.NETCore.App.Ref\8.0.26\ref\net8.0\System.Text.Encodings.Web.dll" /reference:"C:\Program Files\dotnet\packs\Microsoft.NETCore.App.Ref\8.0.26\ref\net8.0\System.Text.Json.dll" /reference:"C:\Program Files\dotnet\packs\Microsoft.NETCore.App.Ref\8.0.26\ref\net8.0\System.Text.RegularExpressions.dll" /reference:"C:\Program Files\dotnet\packs\Microsoft.NETCore.App.Ref\8.0.26\ref\net8.0\System.Threading.Channels.dll" /reference:"C:\Program Files\dotnet\packs\Microsoft.NETCore.App.Ref\8.0.26\ref\net8.0\System.Threading.dll" /reference:"C:\Program Files\dotnet\packs\Microsoft.NETCore.App.Ref\8.0.26\ref\net8.0\System.Threading.Overlapped.dll" /reference:"C:\Program Files\dotnet\packs\Microsoft.NETCore.App.Ref\8.0.26\ref\net8.0\System.Threading.Tasks.Dataflow.dll" /reference:"C:\Program Files\dotnet\packs\Microsoft.NETCore.App.Ref\8.0.26\ref\net8.0\System.Threading.Tasks.dll" /reference:"C:\Program Files\dotnet\packs\Microsoft.NETCore.App.Ref\8.0.26\ref\net8.0\System.Threading.Tasks.Extensions.dll" /reference:"C:\Program Files\dotnet\packs\Microsoft.NETCore.App.Ref\8.0.26\ref\net8.0\System.Threading.Tasks.Parallel.dll" /reference:"C:\Program Files\dotnet\packs\Microsoft.NETCore.App.Ref\8.0.26\ref\net8.0\System.Threading.Thread.dll" /reference:"C:\Program Files\dotnet\packs\Microsoft.NETCore.App.Ref\8.0.26\ref\net8.0\System.Threading.ThreadPool.dll" /reference:"C:\Program Files\dotnet\packs\Microsoft.NETCore.App.Ref\8.0.26\ref\net8.0\System.Threading.Timer.dll" /reference:"C:\Program Files\dotnet\packs\Microsoft.NETCore.App.Ref\8.0.26\ref\net8.0\System.Transactions.dll" /reference:"C:\Program Files\dotnet\packs\Microsoft.NETCore.App.Ref\8.0.26\ref\net8.0\System.Transactions.Local.dll" /reference:"C:\Program Files\dotnet\packs\Microsoft.NETCore.App.Ref\8.0.26\ref\net8.0\System.ValueTuple.dll" /reference:"C:\Program Files\dotnet\packs\Microsoft.NETCore.App.Ref\8.0.26\ref\net8.0\System.Web.dll" /reference:"C:\Program Files\dotnet\packs\Microsoft.NETCore.App.Ref\8.0.26\ref\net8.0\System.Web.HttpUtility.dll" /reference:"C:\Program Files\dotnet\packs\Microsoft.NETCore.App.Ref\8.0.26\ref\net8.0\System.Windows.dll" /reference:"C:\Program Files\dotnet\packs\Microsoft.NETCore.App.Ref\8.0.26\ref\net8.0\System.Xml.dll" /reference:"C:\Program Files\dotnet\packs\Microsoft.NETCore.App.Ref\8.0.26\ref\net8.0\System.Xml.Linq.dll" /reference:"C:\Program Files\dotnet\packs\Microsoft.NETCore.App.Ref\8.0.26\ref\net8.0\System.Xml.ReaderWriter.dll" /reference:"C:\Program Files\dotnet\packs\Microsoft.NETCore.App.Ref\8.0.26\ref\net8.0\System.Xml.Serialization.dll" /reference:"C:\Program Files\dotnet\packs\Microsoft.NETCore.App.Ref\8.0.26\ref\net8.0\System.Xml.XDocument.dll" /reference:"C:\Program Files\dotnet\packs\Microsoft.NETCore.App.Ref\8.0.26\ref\net8.0\System.Xml.XmlDocument.dll" /reference:"C:\Program Files\dotnet\packs\Microsoft.NETCore.App.Ref\8.0.26\ref\net8.0\System.Xml.XmlSerializer.dll" /reference:"C:\Program Files\dotnet\packs\Microsoft.NETCore.App.Ref\8.0.26\ref\net8.0\System.Xml.XPath.dll" /reference:"C:\Program Files\dotnet\packs\Microsoft.NETCore.App.Ref\8.0.26\ref\net8.0\System.Xml.XPath.XDocument.dll" /reference:"C:\Program Files\dotnet\packs\Microsoft.NETCore.App.Ref\8.0.26\ref\net8.0\WindowsBase.dll" /debug- /debug:portable /filealign:512 /optimize+ /out:obj\Release\net8.0\DigitalSocieties.Wallet.dll /refout:obj\Release\net8.0\refint\DigitalSocieties.Wallet.dll /target:library /warnaserror- /utf8output /deterministic+ /sourcelink:obj\Release\net8.0\DigitalSocieties.Wallet.sourcelink.json /langversion:12.0 /embed:obj\Release\net8.0\DigitalSocieties.Wallet.GlobalUsings.g.cs /embed:"obj\Release\net8.0\.NETCoreApp,Version=v8.0.AssemblyAttributes.cs" /embed:obj\Release\net8.0\DigitalSocieties.Wallet.AssemblyInfo.cs /analyzerconfig:obj\Release\net8.0\DigitalSocieties.Wallet.GeneratedMSBuildEditorConfig.editorconfig /analyzerconfig:"C:\Program Files\dotnet\sdk\8.0.420\Sdks\Microsoft.NET.Sdk\analyzers\build\config\analysislevel_8_default.globalconfig" /analyzer:"C:\Program Files\dotnet\sdk\8.0.420\Sdks\Microsoft.NET.Sdk\targets\..\analyzers\Microsoft.CodeAnalysis.CSharp.NetAnalyzers.dll" /analyzer:"C:\Program Files\dotnet\sdk\8.0.420\Sdks\Microsoft.NET.Sdk\targets\..\analyzers\Microsoft.CodeAnalysis.NetAnalyzers.dll" /analyzer:C:\Users\Deepak\.nuget\packages\microsoft.entityframeworkcore.analyzers\8.0.4\analyzers\dotnet\cs\Microsoft.EntityFrameworkCore.Analyzers.dll /analyzer:C:\Users\Deepak\.nuget\packages\microsoft.extensions.logging.abstractions\8.0.0\analyzers\dotnet\roslyn4.4\cs\Microsoft.Extensions.Logging.Generators.dll /analyzer:C:\Users\Deepak\.nuget\packages\microsoft.extensions.options\8.0.0\analyzers\dotnet\roslyn4.4\cs\Microsoft.Extensions.Options.SourceGeneration.dll /analyzer:"C:\Program Files\dotnet\packs\Microsoft.NETCore.App.Ref\8.0.26\analyzers/dotnet/cs/Microsoft.Interop.ComInterfaceGenerator.dll" /analyzer:"C:\Program Files\dotnet\packs\Microsoft.NETCore.App.Ref\8.0.26\analyzers/dotnet/cs/Microsoft.Interop.JavaScript.JSImportGenerator.dll" /analyzer:"C:\Program Files\dotnet\packs\Microsoft.NETCore.App.Ref\8.0.26\analyzers/dotnet/cs/Microsoft.Interop.LibraryImportGenerator.dll" /analyzer:"C:\Program Files\dotnet\packs\Microsoft.NETCore.App.Ref\8.0.26\analyzers/dotnet/cs/Microsoft.Interop.SourceGeneration.dll" /analyzer:"C:\Program Files\dotnet\packs\Microsoft.NETCore.App.Ref\8.0.26\analyzers/dotnet/cs/System.Text.Json.SourceGeneration.dll" /analyzer:"C:\Program Files\dotnet\packs\Microsoft.NETCore.App.Ref\8.0.26\analyzers/dotnet/cs/System.Text.RegularExpressions.Generator.dll" Application\Commands\WalletCommands.cs Application\Queries\WalletQueries.cs Domain\Entities\WalletAccount.cs Infrastructure\Persistence\Migrations\20260426000000_InitialCreate.cs Infrastructure\Persistence\WalletDbContext.cs Infrastructure\Settings\WalletSettings.cs Infrastructure\WalletServiceExtensions.cs obj\Release\net8.0\DigitalSocieties.Wallet.GlobalUsings.g.cs "obj\Release\net8.0\.NETCoreApp,Version=v8.0.AssemblyAttributes.cs" obj\Release\net8.0\DigitalSocieties.Wallet.AssemblyInfo.cs /warnaserror+:NU1605,SYSLIB0011
     4>CoreCompile:
       Skipping target "CoreCompile" because all output files are up-to-date with respect to the input files.
     1>Project "D:\Claude\Society-App\society-app-spec\Digital_Societies\services\DigitalSocieties.sln" (1) is building "D:\Claude\Society-App\society-app-spec\Digital_Societies\services\DigitalSocieties.Parking\DigitalSocieties.Parking.csproj" (10) on node 1 (default targets).
    10>GenerateTargetFrameworkMonikerAttribute:
       Skipping target "GenerateTargetFrameworkMonikerAttribute" because all output files are up-to-date with respect to the input files.
     8>_GenerateSourceLinkFile:
         Source Link file 'obj\Debug\net8.0\DigitalSocieties.Complaint.sourcelink.json' is up-to-date.
       CoreCompile:
       Skipping target "CoreCompile" because all output files are up-to-date with respect to the input files.
     4>GenerateBuildDependencyFile:
       Skipping target "GenerateBuildDependencyFile" because all output files are up-to-date with respect to the input files.
       CopyFilesToOutputDirectory:
         DigitalSocieties.Marketplace -> D:\Claude\Society-App\society-app-spec\Digital_Societies\services\DigitalSocieties.Marketplace\bin\Release\net8.0\DigitalSocieties.Marketplace.dll
     4>Done Building Project "D:\Claude\Society-App\society-app-spec\Digital_Societies\services\DigitalSocieties.Marketplace\DigitalSocieties.Marketplace.csproj" (default targets).
    10>CoreGenerateAssemblyInfo:
       Skipping target "CoreGenerateAssemblyInfo" because all output files are up-to-date with respect to the input files.
       _GenerateSourceLinkFile:
         Source Link file 'obj\Release\net8.0\DigitalSocieties.Parking.sourcelink.json' is up-to-date.
       CoreCompile:
       Skipping target "CoreCompile" because all output files are up-to-date with respect to the input files.
       GenerateBuildDependencyFile:
       Skipping target "GenerateBuildDependencyFile" because all output files are up-to-date with respect to the input files.
     2>Project "D:\Claude\Society-App\society-app-spec\Digital_Societies\services\DigitalSocieties.Mcp\DigitalSocieties.Mcp.csproj" (2) is building "D:\Claude\Society-App\society-app-spec\Digital_Societies\services\DigitalSocieties.Billing\DigitalSocieties.Billing.csproj" (7:2) on node 2 (default targets).
     7>GenerateTargetFrameworkMonikerAttribute:
       Skipping target "GenerateTargetFrameworkMonikerAttribute" because all output files are up-to-date with respect to the input files.
       CoreGenerateAssemblyInfo:
       Skipping target "CoreGenerateAssemblyInfo" because all output files are up-to-date with respect to the input files.
       _GenerateSourceLinkFile:
         Source Link file 'obj\Debug\net8.0\DigitalSocieties.Billing.sourcelink.json' is up-to-date.
       CoreCompile:
       Skipping target "CoreCompile" because all output files are up-to-date with respect to the input files.
    10>CopyFilesToOutputDirectory:
         DigitalSocieties.Parking -> D:\Claude\Society-App\society-app-spec\Digital_Societies\services\DigitalSocieties.Parking\bin\Release\net8.0\DigitalSocieties.Parking.dll
     7>GenerateBuildDependencyFile:
       Skipping target "GenerateBuildDependencyFile" because all output files are up-to-date with respect to the input files.
       CopyFilesToOutputDirectory:
         DigitalSocieties.Billing -> D:\Claude\Society-App\society-app-spec\Digital_Societies\services\DigitalSocieties.Billing\bin\Debug\net8.0\DigitalSocieties.Billing.dll
    10>Done Building Project "D:\Claude\Society-App\society-app-spec\Digital_Societies\services\DigitalSocieties.Parking\DigitalSocieties.Parking.csproj" (default targets).
     7>Done Building Project "D:\Claude\Society-App\society-app-spec\Digital_Societies\services\DigitalSocieties.Billing\DigitalSocieties.Billing.csproj" (default targets).
     8>GenerateBuildDependencyFile:
       Skipping target "GenerateBuildDependencyFile" because all output files are up-to-date with respect to the input files.
       CopyFilesToOutputDirectory:
         DigitalSocieties.Complaint -> D:\Claude\Society-App\society-app-spec\Digital_Societies\services\DigitalSocieties.Complaint\bin\Debug\net8.0\DigitalSocieties.Complaint.dll
     8>Done Building Project "D:\Claude\Society-App\society-app-spec\Digital_Societies\services\DigitalSocieties.Complaint\DigitalSocieties.Complaint.csproj" (default targets).
     2>Project "D:\Claude\Society-App\society-app-spec\Digital_Societies\services\DigitalSocieties.Mcp\DigitalSocieties.Mcp.csproj" (2) is building "D:\Claude\Society-App\society-app-spec\Digital_Societies\services\DigitalSocieties.Communication\DigitalSocieties.Communication.csproj" (9:2) on node 2 (default targets).
   9:2>Project "D:\Claude\Society-App\society-app-spec\Digital_Societies\services\DigitalSocieties.Communication\DigitalSocieties.Communication.csproj" (9:2) is building "D:\Claude\Society-App\society-app-spec\Digital_Societies\services\DigitalSocieties.Visitor\DigitalSocieties.Visitor.csproj" (12:3) on node 2 (default targets).
    12>GenerateTargetFrameworkMonikerAttribute:
       Skipping target "GenerateTargetFrameworkMonikerAttribute" because all output files are up-to-date with respect to the input files.
       CoreGenerateAssemblyInfo:
       Skipping target "CoreGenerateAssemblyInfo" because all output files are up-to-date with respect to the input files.
       _GenerateSourceLinkFile:
         Source Link file 'obj\Debug\net8.0\DigitalSocieties.Visitor.sourcelink.json' is up-to-date.
       CoreCompile:
       Skipping target "CoreCompile" because all output files are up-to-date with respect to the input files.
       GenerateBuildDependencyFile:
       Skipping target "GenerateBuildDependencyFile" because all output files are up-to-date with respect to the input files.
       CopyFilesToOutputDirectory:
         DigitalSocieties.Visitor -> D:\Claude\Society-App\society-app-spec\Digital_Societies\services\DigitalSocieties.Visitor\bin\Debug\net8.0\DigitalSocieties.Visitor.dll
     5>D:\Claude\Society-App\society-app-spec\Digital_Societies\services\DigitalSocieties.Wallet\Domain\Entities\WalletAccount.cs(13,19): warning CS0108: 'WalletAccount.Id' hides inherited member 'Entity.Id'. Use the new keyword if hiding was intended. [D:\Claude\Society-App\society-app-spec\Digital_Societies\services\DigitalSocieties.Wallet\DigitalSocieties.Wallet.csproj]
    12>Done Building Project "D:\Claude\Society-App\society-app-spec\Digital_Societies\services\DigitalSocieties.Visitor\DigitalSocieties.Visitor.csproj" (default targets).
     5>D:\Claude\Society-App\society-app-spec\Digital_Societies\services\DigitalSocieties.Wallet\Domain\Entities\WalletAccount.cs(64,28): warning CS0108: 'WalletTransaction.Id' hides inherited member 'Entity.Id'. Use the new keyword if hiding was intended. [D:\Claude\Society-App\society-app-spec\Digital_Societies\services\DigitalSocieties.Wallet\DigitalSocieties.Wallet.csproj]
         CompilerServer: server - server processed compilation - DigitalSocieties.Wallet (net8.0)
     5>_CopyFilesMarkedCopyLocal:
         Copying file from "D:\Claude\Society-App\society-app-spec\Digital_Societies\services\DigitalSocieties.Shared\bin\Debug\net8.0\DigitalSocieties.Shared.dll" to "D:\Claude\Society-App\society-app-spec\Digital_Societies\services\DigitalSocieties.Wallet\bin\Release\net8.0\DigitalSocieties.Shared.dll".
         Copying file from "D:\Claude\Society-App\society-app-spec\Digital_Societies\services\DigitalSocieties.Shared\bin\Debug\net8.0\DigitalSocieties.Shared.pdb" to "D:\Claude\Society-App\society-app-spec\Digital_Societies\services\DigitalSocieties.Wallet\bin\Release\net8.0\DigitalSocieties.Shared.pdb".
         Creating "D:\Claude\Society-App\society-app-spec\Digital_Societies\services\DigitalSocieties.Wallet\obj\Release\net8.0\DigitalS.0833EE78.Up2Date" because "AlwaysCreate" was specified.
         Touching "D:\Claude\Society-App\society-app-spec\Digital_Societies\services\DigitalSocieties.Wallet\obj\Release\net8.0\DigitalS.0833EE78.Up2Date".
       CopyFilesToOutputDirectory:
         Copying file from "D:\Claude\Society-App\society-app-spec\Digital_Societies\services\DigitalSocieties.Wallet\obj\Release\net8.0\DigitalSocieties.Wallet.dll" to "D:\Claude\Society-App\society-app-spec\Digital_Societies\services\DigitalSocieties.Wallet\bin\Release\net8.0\DigitalSocieties.Wallet.dll".
         Copying reference assembly from "obj\Release\net8.0\refint\DigitalSocieties.Wallet.dll" to "D:\Claude\Society-App\society-app-spec\Digital_Societies\services\DigitalSocieties.Wallet\obj\Release\net8.0\ref\DigitalSocieties.Wallet.dll".
         DigitalSocieties.Wallet -> D:\Claude\Society-App\society-app-spec\Digital_Societies\services\DigitalSocieties.Wallet\bin\Release\net8.0\DigitalSocieties.Wallet.dll
         Copying file from "D:\Claude\Society-App\society-app-spec\Digital_Societies\services\DigitalSocieties.Wallet\obj\Release\net8.0\DigitalSocieties.Wallet.pdb" to "D:\Claude\Society-App\society-app-spec\Digital_Societies\services\DigitalSocieties.Wallet\bin\Release\net8.0\DigitalSocieties.Wallet.pdb".
     5>Done Building Project "D:\Claude\Society-App\society-app-spec\Digital_Societies\services\DigitalSocieties.Wallet\DigitalSocieties.Wallet.csproj" (default targets).
     9>GenerateTargetFrameworkMonikerAttribute:
       Skipping target "GenerateTargetFrameworkMonikerAttribute" because all output files are up-to-date with respect to the input files.
     1>Project "D:\Claude\Society-App\society-app-spec\Digital_Societies\services\DigitalSocieties.sln" (1) is building "D:\Claude\Society-App\society-app-spec\Digital_Societies\services\DigitalSocieties.Calling\DigitalSocieties.Calling.csproj" (3) on node 4 (default targets).
     3>GenerateTargetFrameworkMonikerAttribute:
       Skipping target "GenerateTargetFrameworkMonikerAttribute" because all output files are up-to-date with respect to the input files.
     9>CoreGenerateAssemblyInfo:
       Skipping target "CoreGenerateAssemblyInfo" because all output files are up-to-date with respect to the input files.
     3>CoreGenerateAssemblyInfo:
       Skipping target "CoreGenerateAssemblyInfo" because all output files are up-to-date with respect to the input files.
       _GenerateSourceLinkFile:
         Source Link file 'obj\Release\net8.0\DigitalSocieties.Calling.sourcelink.json' is up-to-date.
       CoreCompile:
       Skipping target "CoreCompile" because all output files are up-to-date with respect to the input files.
     9>_GenerateSourceLinkFile:
         Source Link file 'obj\Debug\net8.0\DigitalSocieties.Communication.sourcelink.json' is up-to-date.
       CoreCompile:
       Skipping target "CoreCompile" because all output files are up-to-date with respect to the input files.
     3>GenerateBuildDependencyFile:
       Skipping target "GenerateBuildDependencyFile" because all output files are up-to-date with respect to the input files.
       CopyFilesToOutputDirectory:
         DigitalSocieties.Calling -> D:\Claude\Society-App\society-app-spec\Digital_Societies\services\DigitalSocieties.Calling\bin\Release\net8.0\DigitalSocieties.Calling.dll
     3>Done Building Project "D:\Claude\Society-App\society-app-spec\Digital_Societies\services\DigitalSocieties.Calling\DigitalSocieties.Calling.csproj" (default targets).
     9>GenerateBuildDependencyFile:
       Skipping target "GenerateBuildDependencyFile" because all output files are up-to-date with respect to the input files.
       CopyFilesToOutputDirectory:
         DigitalSocieties.Communication -> D:\Claude\Society-App\society-app-spec\Digital_Societies\services\DigitalSocieties.Communication\bin\Debug\net8.0\DigitalSocieties.Communication.dll
     9>Done Building Project "D:\Claude\Society-App\society-app-spec\Digital_Societies\services\DigitalSocieties.Communication\DigitalSocieties.Communication.csproj" (default targets).
     2>Project "D:\Claude\Society-App\society-app-spec\Digital_Societies\services\DigitalSocieties.Mcp\DigitalSocieties.Mcp.csproj" (2) is building "D:\Claude\Society-App\society-app-spec\Digital_Societies\services\DigitalSocieties.Accounting\DigitalSocieties.Accounting.csproj" (11:2) on node 2 (default targets).
    11>GenerateTargetFrameworkMonikerAttribute:
       Skipping target "GenerateTargetFrameworkMonikerAttribute" because all output files are up-to-date with respect to the input files.
       CoreGenerateAssemblyInfo:
       Skipping target "CoreGenerateAssemblyInfo" because all output files are up-to-date with respect to the input files.
       _GenerateSourceLinkFile:
         Source Link file 'obj\Debug\net8.0\DigitalSocieties.Accounting.sourcelink.json' is up-to-date.
       CoreCompile:
       Skipping target "CoreCompile" because all output files are up-to-date with respect to the input files.
       GenerateBuildDependencyFile:
       Skipping target "GenerateBuildDependencyFile" because all output files are up-to-date with respect to the input files.
       CopyFilesToOutputDirectory:
         DigitalSocieties.Accounting -> D:\Claude\Society-App\society-app-spec\Digital_Societies\services\DigitalSocieties.Accounting\bin\Debug\net8.0\DigitalSocieties.Accounting.dll
    11>Done Building Project "D:\Claude\Society-App\society-app-spec\Digital_Societies\services\DigitalSocieties.Accounting\DigitalSocieties.Accounting.csproj" (default targets).
     2>GenerateTargetFrameworkMonikerAttribute:
       Skipping target "GenerateTargetFrameworkMonikerAttribute" because all output files are up-to-date with respect to the input files.
       CoreGenerateAssemblyInfo:
       Skipping target "CoreGenerateAssemblyInfo" because all output files are up-to-date with respect to the input files.
       _GenerateSourceLinkFile:
         Source Link file 'obj\Release\net8.0\DigitalSocieties.Mcp.sourcelink.json' is up-to-date.
       CoreCompile:
       Skipping target "CoreCompile" because all output files are up-to-date with respect to the input files.
       GenerateBuildDependencyFile:
       Skipping target "GenerateBuildDependencyFile" because all output files are up-to-date with respect to the input files.
       CopyFilesToOutputDirectory:
         DigitalSocieties.Mcp -> D:\Claude\Society-App\society-app-spec\Digital_Societies\services\DigitalSocieties.Mcp\bin\Release\net8.0\DigitalSocieties.Mcp.dll
     2>Done Building Project "D:\Claude\Society-App\society-app-spec\Digital_Societies\services\DigitalSocieties.Mcp\DigitalSocieties.Mcp.csproj" (default targets).
     1>Done Building Project "D:\Claude\Society-App\society-app-spec\Digital_Societies\services\DigitalSocieties.sln" (default targets).

Build succeeded.

       "D:\Claude\Society-App\society-app-spec\Digital_Societies\services\DigitalSocieties.sln" (default target) (1) ->
       (ValidateProjects target) -> 
         D:\Claude\Society-App\society-app-spec\Digital_Societies\services\DigitalSocieties.sln.metaproj : warning MSB4121: The project configuration for project "DigitalSocieties.Shared" was not specified in the solution file for the solution configuration "Release|Any CPU". [D:\Claude\Society-App\society-app-spec\Digital_Societies\services\DigitalSocieties.sln]


       "D:\Claude\Society-App\society-app-spec\Digital_Societies\services\DigitalSocieties.sln" (default target) (1) ->
         D:\Claude\Society-App\society-app-spec\Digital_Societies\services\DigitalSocieties.sln.metaproj : warning MSB4121: The project configuration for project "DigitalSocieties.Identity" was not specified in the solution file for the solution configuration "Release|Any CPU". [D:\Claude\Society-App\society-app-spec\Digital_Societies\services\DigitalSocieties.sln]


       "D:\Claude\Society-App\society-app-spec\Digital_Societies\services\DigitalSocieties.sln" (default target) (1) ->
         D:\Claude\Society-App\society-app-spec\Digital_Societies\services\DigitalSocieties.sln.metaproj : warning MSB4121: The project configuration for project "DigitalSocieties.Billing" was not specified in the solution file for the solution configuration "Release|Any CPU". [D:\Claude\Society-App\society-app-spec\Digital_Societies\services\DigitalSocieties.sln]


       "D:\Claude\Society-App\society-app-spec\Digital_Societies\services\DigitalSocieties.sln" (default target) (1) ->
         D:\Claude\Society-App\society-app-spec\Digital_Societies\services\DigitalSocieties.sln.metaproj : warning MSB4121: The project configuration for project "DigitalSocieties.Visitor" was not specified in the solution file for the solution configuration "Release|Any CPU". [D:\Claude\Society-App\society-app-spec\Digital_Societies\services\DigitalSocieties.sln]


       "D:\Claude\Society-App\society-app-spec\Digital_Societies\services\DigitalSocieties.sln" (default target) (1) ->
         D:\Claude\Society-App\society-app-spec\Digital_Societies\services\DigitalSocieties.sln.metaproj : warning MSB4121: The project configuration for project "DigitalSocieties.Complaint" was not specified in the solution file for the solution configuration "Release|Any CPU". [D:\Claude\Society-App\society-app-spec\Digital_Societies\services\DigitalSocieties.sln]


       "D:\Claude\Society-App\society-app-spec\Digital_Societies\services\DigitalSocieties.sln" (default target) (1) ->
         D:\Claude\Society-App\society-app-spec\Digital_Societies\services\DigitalSocieties.sln.metaproj : warning MSB4121: The project configuration for project "DigitalSocieties.Communication" was not specified in the solution file for the solution configuration "Release|Any CPU". [D:\Claude\Society-App\society-app-spec\Digital_Societies\services\DigitalSocieties.sln]


       "D:\Claude\Society-App\society-app-spec\Digital_Societies\services\DigitalSocieties.sln" (default target) (1) ->
         D:\Claude\Society-App\society-app-spec\Digital_Societies\services\DigitalSocieties.sln.metaproj : warning MSB4121: The project configuration for project "DigitalSocieties.Social" was not specified in the solution file for the solution configuration "Release|Any CPU". [D:\Claude\Society-App\society-app-spec\Digital_Societies\services\DigitalSocieties.sln]


       "D:\Claude\Society-App\society-app-spec\Digital_Societies\services\DigitalSocieties.sln" (default target) (1) ->
         D:\Claude\Society-App\society-app-spec\Digital_Societies\services\DigitalSocieties.sln.metaproj : warning MSB4121: The project configuration for project "DigitalSocieties.Accounting" was not specified in the solution file for the solution configuration "Release|Any CPU". [D:\Claude\Society-App\society-app-spec\Digital_Societies\services\DigitalSocieties.sln]


       "D:\Claude\Society-App\society-app-spec\Digital_Societies\services\DigitalSocieties.sln" (default target) (1) ->
         D:\Claude\Society-App\society-app-spec\Digital_Societies\services\DigitalSocieties.sln.metaproj : warning MSB4121: The project configuration for project "DigitalSocieties.Facility" was not specified in the solution file for the solution configuration "Release|Any CPU". [D:\Claude\Society-App\society-app-spec\Digital_Societies\services\DigitalSocieties.sln]


       "D:\Claude\Society-App\society-app-spec\Digital_Societies\services\DigitalSocieties.sln" (default target) (1) ->
         D:\Claude\Society-App\society-app-spec\Digital_Societies\services\DigitalSocieties.sln.metaproj : warning MSB4121: The project configuration for project "DigitalSocieties.Api" was not specified in the solution file for the solution configuration "Release|Any CPU". [D:\Claude\Society-App\society-app-spec\Digital_Societies\services\DigitalSocieties.sln]


       "D:\Claude\Society-App\society-app-spec\Digital_Societies\services\DigitalSocieties.sln" (default target) (1) ->
         D:\Claude\Society-App\society-app-spec\Digital_Societies\services\DigitalSocieties.sln.metaproj : warning MSB4121: The project configuration for project "DigitalSocieties.Identity.Tests" was not specified in the solution file for the solution configuration "Release|Any CPU". [D:\Claude\Society-App\society-app-spec\Digital_Societies\services\DigitalSocieties.sln]


       "D:\Claude\Society-App\society-app-spec\Digital_Societies\services\DigitalSocieties.sln" (default target) (1) ->
       "D:\Claude\Society-App\society-app-spec\Digital_Societies\services\DigitalSocieties.Wallet\DigitalSocieties.Wallet.csproj" (default target) (5) ->
       (CoreCompile target) -> 
         D:\Claude\Society-App\society-app-spec\Digital_Societies\services\DigitalSocieties.Wallet\Domain\Entities\WalletAccount.cs(13,19): warning CS0108: 'WalletAccount.Id' hides inherited member 'Entity.Id'. Use the new keyword if hiding was intended. [D:\Claude\Society-App\society-app-spec\Digital_Societies\services\DigitalSocieties.Wallet\DigitalSocieties.Wallet.csproj]
         D:\Claude\Society-App\society-app-spec\Digital_Societies\services\DigitalSocieties.Wallet\Domain\Entities\WalletAccount.cs(64,28): warning CS0108: 'WalletTransaction.Id' hides inherited member 'Entity.Id'. Use the new keyword if hiding was intended. [D:\Claude\Society-App\society-app-spec\Digital_Societies\services\DigitalSocieties.Wallet\DigitalSocieties.Wallet.csproj]

    13 Warning(s)
    0 Error(s)

Time Elapsed 00:00:07.34
BUILD_EXIT=0 
